// Jest Snapshot v1, https://goo.gl/fbAQLP

exports[`Movie Card Renders the movie details page 1`] = `
Object {
  "asFragment": [Function],
  "baseElement": <body>
    <div>
      <div
        class="moviedetails"
      >
        <img
          class="moviedetails__poster"
        />
        <div
          class="moviedetails text"
        >
          <div
            class="text top"
          >
            <h2
              class="text top__title"
            />
            <span
              class="text top__rating"
            />
          </div>
          <span
            class="text genre"
          />
          <div
            class="text center"
          >
            <span
              class="text center__year"
            />
            <span
              class="text center__runtime"
            >
               min
            </span>
            <br />
          </div>
          <div
            class="text bottom"
          >
            <p
              class="text bottom__overview"
            />
          </div>
        </div>
      </div>
    </div>
  </body>,
  "container": <div>
    <div
      class="moviedetails"
    >
      <img
        class="moviedetails__poster"
      />
      <div
        class="moviedetails text"
      >
        <div
          class="text top"
        >
          <h2
            class="text top__title"
          />
          <span
            class="text top__rating"
          />
        </div>
        <span
          class="text genre"
        />
        <div
          class="text center"
        >
          <span
            class="text center__year"
          />
          <span
            class="text center__runtime"
          >
             min
          </span>
          <br />
        </div>
        <div
          class="text bottom"
        >
          <p
            class="text bottom__overview"
          />
        </div>
      </div>
    </div>
  </div>,
  "debug": [Function],
  "findAllByAltText": [Function],
  "findAllByDisplayValue": [Function],
  "findAllByLabelText": [Function],
  "findAllByPlaceholderText": [Function],
  "findAllByRole": [Function],
  "findAllByTestId": [Function],
  "findAllByText": [Function],
  "findAllByTitle": [Function],
  "findByAltText": [Function],
  "findByDisplayValue": [Function],
  "findByLabelText": [Function],
  "findByPlaceholderText": [Function],
  "findByRole": [Function],
  "findByTestId": [Function],
  "findByText": [Function],
  "findByTitle": [Function],
  "getAllByAltText": [Function],
  "getAllByDisplayValue": [Function],
  "getAllByLabelText": [Function],
  "getAllByPlaceholderText": [Function],
  "getAllByRole": [Function],
  "getAllByTestId": [Function],
  "getAllByText": [Function],
  "getAllByTitle": [Function],
  "getByAltText": [Function],
  "getByDisplayValue": [Function],
  "getByLabelText": [Function],
  "getByPlaceholderText": [Function],
  "getByRole": [Function],
  "getByTestId": [Function],
  "getByText": [Function],
  "getByTitle": [Function],
  "queryAllByAltText": [Function],
  "queryAllByDisplayValue": [Function],
  "queryAllByLabelText": [Function],
  "queryAllByPlaceholderText": [Function],
  "queryAllByRole": [Function],
  "queryAllByTestId": [Function],
  "queryAllByText": [Function],
  "queryAllByTitle": [Function],
  "queryByAltText": [Function],
  "queryByDisplayValue": [Function],
  "queryByLabelText": [Function],
  "queryByPlaceholderText": [Function],
  "queryByRole": [Function],
  "queryByTestId": [Function],
  "queryByText": [Function],
  "queryByTitle": [Function],
  "rerender": [Function],
  "unmount": [Function],
}
`;
