// Jest Snapshot v1, https://goo.gl/fbAQLP

exports[`Renders the not found page matching snapshot 1`] = `
Object {
  "asFragment": [Function],
  "baseElement": <body>
    <div>
      <div
        class="not-found"
      >
        <div
          class="not-found heading"
        >
          <p
            class="heading logo"
          >
            <span
              class="heading logo--left"
            >
              netflix
            </span>
            <span
              class="heading logo--right"
            >
              roulette
            </span>
          </p>
        </div>
        <div
          class="not-found body"
        >
          <h3
            class="not-found body__text--top"
          >
            Page Not Found
          </h3>
          <h4
            class="not-found body__text--bottom"
          >
            404
          </h4>
          <a
            aria-current="page"
            class="not-found body__btn active"
            href="/"
          >
            GO BACK TO HOME
          </a>
        </div>
      </div>
    </div>
  </body>,
  "container": <div>
    <div
      class="not-found"
    >
      <div
        class="not-found heading"
      >
        <p
          class="heading logo"
        >
          <span
            class="heading logo--left"
          >
            netflix
          </span>
          <span
            class="heading logo--right"
          >
            roulette
          </span>
        </p>
      </div>
      <div
        class="not-found body"
      >
        <h3
          class="not-found body__text--top"
        >
          Page Not Found
        </h3>
        <h4
          class="not-found body__text--bottom"
        >
          404
        </h4>
        <a
          aria-current="page"
          class="not-found body__btn active"
          href="/"
        >
          GO BACK TO HOME
        </a>
      </div>
    </div>
  </div>,
  "debug": [Function],
  "findAllByAltText": [Function],
  "findAllByDisplayValue": [Function],
  "findAllByLabelText": [Function],
  "findAllByPlaceholderText": [Function],
  "findAllByRole": [Function],
  "findAllByTestId": [Function],
  "findAllByText": [Function],
  "findAllByTitle": [Function],
  "findByAltText": [Function],
  "findByDisplayValue": [Function],
  "findByLabelText": [Function],
  "findByPlaceholderText": [Function],
  "findByRole": [Function],
  "findByTestId": [Function],
  "findByText": [Function],
  "findByTitle": [Function],
  "getAllByAltText": [Function],
  "getAllByDisplayValue": [Function],
  "getAllByLabelText": [Function],
  "getAllByPlaceholderText": [Function],
  "getAllByRole": [Function],
  "getAllByTestId": [Function],
  "getAllByText": [Function],
  "getAllByTitle": [Function],
  "getByAltText": [Function],
  "getByDisplayValue": [Function],
  "getByLabelText": [Function],
  "getByPlaceholderText": [Function],
  "getByRole": [Function],
  "getByTestId": [Function],
  "getByText": [Function],
  "getByTitle": [Function],
  "queryAllByAltText": [Function],
  "queryAllByDisplayValue": [Function],
  "queryAllByLabelText": [Function],
  "queryAllByPlaceholderText": [Function],
  "queryAllByRole": [Function],
  "queryAllByTestId": [Function],
  "queryAllByText": [Function],
  "queryAllByTitle": [Function],
  "queryByAltText": [Function],
  "queryByDisplayValue": [Function],
  "queryByLabelText": [Function],
  "queryByPlaceholderText": [Function],
  "queryByRole": [Function],
  "queryByTestId": [Function],
  "queryByText": [Function],
  "queryByTitle": [Function],
  "rerender": [Function],
  "unmount": [Function],
}
`;
