// Jest Snapshot v1, https://goo.gl/fbAQLP

exports[`Nav Renders the nav bar and default properties 1`] = `
Object {
  "asFragment": [Function],
  "baseElement": <body>
    <div>
      <i18nextprovider
        i18n="[object Object]"
      >
        <div
          class="nav"
        >
          <ul
            class="nav__links"
          >
            <li>
              <a
                class="link"
                href="#ALL"
              >
                ALL
              </a>
            </li>
          </ul>
          <div
            class="dropdown"
          >
            <span
              class="dropdown__heading"
            >
              SORT BY
            </span>
            <select
              class="dropdown__options"
            >
              <option
                value="release_date"
              >
                RELEASE DATE
              </option>
              <option
                value="title"
              >
                TITLE
              </option>
              <option
                value="genres"
              >
                GENRE
              </option>
              <option
                value="vote_average"
              >
                RATING
              </option>
            </select>
          </div>
        </div>
      </i18nextprovider>
    </div>
  </body>,
  "container": <div>
    <i18nextprovider
      i18n="[object Object]"
    >
      <div
        class="nav"
      >
        <ul
          class="nav__links"
        >
          <li>
            <a
              class="link"
              href="#ALL"
            >
              ALL
            </a>
          </li>
        </ul>
        <div
          class="dropdown"
        >
          <span
            class="dropdown__heading"
          >
            SORT BY
          </span>
          <select
            class="dropdown__options"
          >
            <option
              value="release_date"
            >
              RELEASE DATE
            </option>
            <option
              value="title"
            >
              TITLE
            </option>
            <option
              value="genres"
            >
              GENRE
            </option>
            <option
              value="vote_average"
            >
              RATING
            </option>
          </select>
        </div>
      </div>
    </i18nextprovider>
  </div>,
  "debug": [Function],
  "findAllByAltText": [Function],
  "findAllByDisplayValue": [Function],
  "findAllByLabelText": [Function],
  "findAllByPlaceholderText": [Function],
  "findAllByRole": [Function],
  "findAllByTestId": [Function],
  "findAllByText": [Function],
  "findAllByTitle": [Function],
  "findByAltText": [Function],
  "findByDisplayValue": [Function],
  "findByLabelText": [Function],
  "findByPlaceholderText": [Function],
  "findByRole": [Function],
  "findByTestId": [Function],
  "findByText": [Function],
  "findByTitle": [Function],
  "getAllByAltText": [Function],
  "getAllByDisplayValue": [Function],
  "getAllByLabelText": [Function],
  "getAllByPlaceholderText": [Function],
  "getAllByRole": [Function],
  "getAllByTestId": [Function],
  "getAllByText": [Function],
  "getAllByTitle": [Function],
  "getByAltText": [Function],
  "getByDisplayValue": [Function],
  "getByLabelText": [Function],
  "getByPlaceholderText": [Function],
  "getByRole": [Function],
  "getByTestId": [Function],
  "getByText": [Function],
  "getByTitle": [Function],
  "queryAllByAltText": [Function],
  "queryAllByDisplayValue": [Function],
  "queryAllByLabelText": [Function],
  "queryAllByPlaceholderText": [Function],
  "queryAllByRole": [Function],
  "queryAllByTestId": [Function],
  "queryAllByText": [Function],
  "queryAllByTitle": [Function],
  "queryByAltText": [Function],
  "queryByDisplayValue": [Function],
  "queryByLabelText": [Function],
  "queryByPlaceholderText": [Function],
  "queryByRole": [Function],
  "queryByTestId": [Function],
  "queryByText": [Function],
  "queryByTitle": [Function],
  "rerender": [Function],
  "unmount": [Function],
}
`;
